
> dserve-ai-enterprise@1.0.0 build
> next build

▲ Next.js 16.2.7 (Turbopack)
- Environments: .env.local

  Creating an optimized production build ...
✓ Compiled successfully in 6.5s
  Skipping validation of types
  Finished TypeScript config validation in 26ms ...
  Collecting page data using 7 workers ...
  Generating static pages using 7 workers (0/108) ...
  Generating static pages using 7 workers (27/108) 
  Generating static pages using 7 workers (54/108) 
  Generating static pages using 7 workers (81/108) 
✓ Generating static pages using 7 workers (108/108) in 9.4s
  Finalizing page optimization ...

Route (app)
┌ ○ /
├ ○ /_not-found
├ ○ /about
├ ƒ /api/contact
├ ○ /blog
├ ● /blog/[slug]
│ ├ /blog/how-to-choose-an-ai-data-collection-partner-dserve-ai
│ ├ /blog/how-to-build-a-high-quality-ai-training-dataset
│ ├ /blog/best-data-annotation-services-for-ai-projects
│ └ [+69 more paths]
├ ○ /case-studies
├ ● /case-studies/[slug]
│ ├ /case-studies/healthcare-diagnostics-ai
│ ├ /case-studies/autonomous-vehicle-perception
│ ├ /case-studies/conversational-ai-training
│ └ [+3 more paths]
├ ○ /contact
├ ○ /faq
├ ○ /icon.png
├ ○ /manifest.webmanifest
├ ○ /privacy
├ ○ /robots.txt
├ ○ /services
├ ● /services/[slug]
│ ├ /services/data-annotation-and-qa
│ ├ /services/multi-modal-data-collection
│ ├ /services/synthetic-data-generation
│ └ [+3 more paths]
├ ○ /sitemap.xml
├ ● /solutions/[slug]
│ ├ /solutions/healthcare-ai
│ ├ /solutions/computer-vision
│ ├ /solutions/multimodal-ai
│ └ [+5 more paths]
└ ○ /terms


○  (Static)   prerendered as static content
●  (SSG)      prerendered as static HTML (uses generateStaticParams)
ƒ  (Dynamic)  server-rendered on demand

